============================= test session starts =============================
platform win32 -- Python 3.11.0, pytest-9.0.2, pluggy-1.6.0 -- C:\Users\luisus\Documents\Python MicroApps\VocalParam\venv\Scripts\python.exe
cachedir: .pytest_cache
PyQt6 6.10.2 -- Qt runtime 6.10.1 -- Qt compiled 6.10.0
rootdir: C:\Users\luisus\Documents\Python MicroApps\VocalParam
plugins: cov-7.0.0, qt-4.5.0
collecting ... collected 3 items

tests/test_sprint3_integration.py::test_spectrogram_performance PASSED   [ 33%]
tests/test_sprint3_integration.py::test_data_sync PASSED                 [ 66%]
tests/test_sprint3_integration.py::test_overlap_constraint PASSED        [100%]

============================== warnings summary ===============================
tests/test_sprint3_integration.py::test_spectrogram_performance
  C:\Users\luisus\Documents\Python MicroApps\VocalParam\venv\Lib\site-packages\librosa\core\spectrum.py:266: UserWarning: n_fft=2048 is too large for input signal of length=1024
    warnings.warn(

-- Docs: https://docs.pytest.org/en/stable/how-to/capture-warnings.html
======================== 3 passed, 1 warning in 9.24s =========================
